[zyan.vercel.app/index_2.html]
[backblue.gif]
[fade.gif]
[index.html]
[zyan.vercel.app/images/favicon.png]
[zyan.vercel.app/css/font-awesome-pro.css]
[zyan.vercel.app/css/bootstrap.min.css]
[zyan.vercel.app/css/scroll_button.css]
[zyan.vercel.app/css/spacing.css]
[zyan.vercel.app/css/plugin.css]
[zyan.vercel.app/css/style.css]
[zyan.vercel.app/css/responsive.css]
[zyan.vercel.app/images/logo2.png]
[zyan.vercel.app/svg/clipboard.svg]
[zyan.vercel.app/svg/briefcase.svg]
[zyan.vercel.app/svg/messages-1.svg]
[zyan.vercel.app/svg/quote-down-square.svg]
[zyan.vercel.app/svg/user-square.svg]
[zyan.vercel.app/images/bg/banner_bg2.png]
[zyan.vercel.app/images/icon/about_1.png]
[zyan.vercel.app/images/icon/about_2.png]
[zyan.vercel.app/images/about_img_2.jpg]
[zyan.vercel.app/svg/pen-tool-2.svg]
[zyan.vercel.app/images/portfolio/5.png]
[zyan.vercel.app/images/portfolio/6.png]
[zyan.vercel.app/images/portfolio/7.png]
[zyan.vercel.app/images/portfolio/8.png]
[zyan.vercel.app/images/portfolio/9.png]
[zyan.vercel.app/blog_details.html]
[zyan.vercel.app/images/blog/4.jpg]
[zyan.vercel.app/images/blog/5.jpg]
[zyan.vercel.app/images/blog/6.jpg]
[zyan.vercel.app/svg/voice_phone.svg]
[zyan.vercel.app/js/plugin.js]
[zyan.vercel.app/js/scroll_button.js]
[zyan.vercel.app/js/sticky_sidebar.js]
[zyan.vercel.app/js/animation.js]
[zyan.vercel.app/index_2.html]
[zyan.vercel.app/js/main.js]
[zyan.vercel.app/fonts/fa-brands-400.woff2]
[zyan.vercel.app/fonts/fa-brands-400.ttf]
[zyan.vercel.app/fonts/fa-duotone-900.woff2]
[zyan.vercel.app/fonts/fa-duotone-900.ttf]
[zyan.vercel.app/fonts/fa-light-300.woff2]
[zyan.vercel.app/fonts/fa-light-300.ttf]
[zyan.vercel.app/fonts/fa-regular-400.woff2]
[zyan.vercel.app/fonts/fa-regular-400.ttf]
[zyan.vercel.app/fonts/fa-solid-900.woff2]
[zyan.vercel.app/fonts/fa-solid-900.ttf]
[zyan.vercel.app/fonts/fa-thin-100.woff2]
[zyan.vercel.app/fonts/fa-thin-100.ttf]
[zyan.vercel.app/fonts/fa-v4compatibility.woff2]
[zyan.vercel.app/css/font-awesome-pro.css]
[zyan.vercel.app/css/bootstrap.min.css]
[zyan.vercel.app/css/scroll_button.css]
[zyan.vercel.app/css/spacing.css]
[zyan.vercel.app/css/plugin.css]
[zyan.vercel.app/fonts/fa-v4compatibility.ttf]
[zyan.vercel.app/index.html]
[zyan.vercel.app/images/shapes/banner_shape.png]
[zyan.vercel.app/images/icon/quot.png]
[zyan.vercel.app/images/shapes/about_shapes.png]
[zyan.vercel.app/images/skills_shape.png]
[zyan.vercel.app/css/style.css]
[zyan.vercel.app/css/responsive.css]
[zyan.vercel.app/svg/home-2.svg]
[zyan.vercel.app/svg/clipboard.svg]
[zyan.vercel.app/svg/briefcase.svg]
[zyan.vercel.app/svg/path.svg]
[zyan.vercel.app/svg/messages-1.svg]
[zyan.vercel.app/svg/quote-down-square.svg]
[zyan.vercel.app/svg/user-square.svg]
[zyan.vercel.app/svg/mobile-programming.svg]
[zyan.vercel.app/svg/pen-tool-2.svg]
[zyan.vercel.app/svg/mobile.svg]
[zyan.vercel.app/index-2.html]
[zyan.vercel.app/images/logo.png]
[zyan.vercel.app/blog_list.html]
[zyan.vercel.app/contact.html]
[zyan.vercel.app/images/bg/breadcrumb.jpg]
[zyan.vercel.app/images/blog/thumbnail.jpg]
[zyan.vercel.app/images/blog/details_big_1.jpg]
[zyan.vercel.app/images/blog/details_big_2.jpg]
[zyan.vercel.app/images/testimonial/1.jpg]
[zyan.vercel.app/images/blog/comment_1.jpg]
[zyan.vercel.app/images/blog/comment_2.jpg]
[zyan.vercel.app/images/blog/comment_3.jpg]
[zyan.vercel.app/images/sidebar/1.jpg]
[zyan.vercel.app/images/sidebar/2.jpg]
[zyan.vercel.app/images/sidebar/3.jpg]
[zyan.vercel.app/images/sidebar/4.jpg]
[zyan.vercel.app/images/sidebar/5.jpg]
[zyan.vercel.app/images/sidebar/6.jpg]
[zyan.vercel.app/images/sidebar/7.jpg]
[zyan.vercel.app/images/sidebar/8.jpg]
[zyan.vercel.app/images/sidebar/9.jpg]
[zyan.vercel.app/images/bg/subscribe.jpg]
[zyan.vercel.app/svg/map.svg]
[zyan.vercel.app/svg/phone.svg]
[zyan.vercel.app/blog_details.html]
[zyan.vercel.app/svg/voice_phone.svg]
[zyan.vercel.app/svg/map_issue.svg]
[zyan.vercel.app/svg/send_mail.svg]
[zyan.vercel.app/fonts/fa-duotone-900.html]
[zyan.vercel.app/fonts/fa-duotone-901.html]
[zyan.vercel.app/svg/envelope.svg]
[zyan.vercel.app/images/bg/banner.jpg]
[zyan.vercel.app/images/banner_img_1.png]
[zyan.vercel.app/svg/website-design.svg]
[zyan.vercel.app/svg/logo-design.svg]
[zyan.vercel.app/svg/app-development.svg]
[zyan.vercel.app/images/about_img.jpg]
[zyan.vercel.app/svg/complete-project.svg]
[zyan.vercel.app/svg/client-review.svg]
[zyan.vercel.app/images/portfolio/1.jpg]
[zyan.vercel.app/images/portfolio/2.jpg]
[zyan.vercel.app/images/portfolio/3.jpg]
[zyan.vercel.app/images/portfolio/4.jpg]
[zyan.vercel.app/images/testimonial/2.jpg]
[zyan.vercel.app/images/blog/1.jpg]
[zyan.vercel.app/images/blog/2.jpg]
[zyan.vercel.app/images/blog/3.jpg]
[zyan.vercel.app/index.html]
[zyan.vercel.app/images/skills_shape.html]
[zyan.vercel.app/index-2.html]
[zyan.vercel.app/images/blog/list_1.jpg]
[zyan.vercel.app/images/blog/list_2.jpg]
[zyan.vercel.app/images/blog/list_3.jpg]
[zyan.vercel.app/blog_list.html]
[zyan.vercel.app/contact.html]
[zyan.vercel.app/svg/map.svg]
[zyan.vercel.app/svg/phone.svg]
[zyan.vercel.app/svg/envelope.svg]
[zyan.vercel.app/svg/website-design.svg]
[zyan.vercel.app/svg/logo-design.svg]
[zyan.vercel.app/svg/app-development.svg]
[zyan.vercel.app/svg/complete-project.svg]
[zyan.vercel.app/svg/client-review.svg]
